Microsoft (R) Build Engine versión 16.11.3+5d7fe36cf para .NET
Copyright (C) Microsoft Corporation. Todos los derechos reservados.

  Determinando los proyectos que se van a restaurar...
C:\Program Files\dotnet\sdk\5.0.410\Sdks\Microsoft.NET.Sdk\targets\Microsoft.NET.TargetFrameworkInference.targets(141,5): error NETSDK1045: El SDK de .NET actual no admite el destino .NET 8.0. Use el destino .NET 5.0 u otro inferior, o bien una versión del SDK de .NET que admita .NET 8.0. [D:\TrabajosIPF\Elecciones_Europeas\Elecciones.csproj]

ERROR al compilar.

C:\Program Files\dotnet\sdk\5.0.410\Sdks\Microsoft.NET.Sdk\targets\Microsoft.NET.TargetFrameworkInference.targets(141,5): error NETSDK1045: El SDK de .NET actual no admite el destino .NET 8.0. Use el destino .NET 5.0 u otro inferior, o bien una versión del SDK de .NET que admita .NET 8.0. [D:\TrabajosIPF\Elecciones_Europeas\Elecciones.csproj]
    0 Advertencia(s)
    1 Errores

Tiempo transcurrido 00:00:00.24
